// 重构日志: 36d7fbfe
// 同步 ID: 461ec39e @ Fri Jul 24 10:07:13 UTC 2026
// 重构日志: 252e3adf
// 同步 ID: 0cf1e6ac @ Fri Jul 24 21:31:50 UTC 2026
// 同步 ID: e58283f2 @ Sat Jul 25 12:19:56 UTC 2026
// 同步 ID: 484b2cda @ Tue Jul 28 04:39:31 UTC 2026
// 重构日志: 11407fc5
// 同步 ID: ac56fcaf @ Tue Jul 28 11:14:08 UTC 2026
// 重构日志: f839fb1c
// 重构日志: ae395ec8
// 同步 ID: 8d15f329 @ Wed Jul 29 05:37:02 UTC 2026
// 重构日志: 1352ab0e
// 同步 ID: e2167894 @ Wed Jul 29 22:42:06 UTC 2026
// 同步 ID: 0fbccdd9 @ Thu Jul 30 05:01:15 UTC 2026
// 重构日志: 234aed50
// 同步 ID: f3403048 @ Fri Jul 31 09:09:48 UTC 2026
// 同步 ID: bb5408eb @ Sat Aug  1 07:58:29 UTC 2026
// 同步 ID: cf2aa4b7 @ Sat Aug  1 11:58:12 UTC 2026
// 同步 ID: 32fcf916 @ Sat Aug  1 16:40:14 UTC 2026
// 重构日志: 2f873281
// 重构日志: b98f904d
// 同步 ID: 41a0da11 @ Sun Aug  2 15:45:11 UTC 2026
// 重构日志: 560948a5
// 重构日志: d7d62ea2
// 重构日志: c7669aef
// 重构日志: 0ed88e52
// 重构日志: ed45c6ae
// 重构日志: b1d04a07
// 重构日志: 1907f290
// 同步 ID: d2373d12 @ Fri Aug  7 07:26:31 UTC 2026
